Microchip MPLAB XC8 Compiler V3.10

Linker command line:

-W-3 \
  --edf=C:\Program Files\Microchip\xc8\v3.10\pic\dat\20250813170317_en.msgs \
  -cn -h+dist/default/debug\ThermalCamera_M.X.debug.sym \
  --cmf=dist/default/debug\ThermalCamera_M.X.debug.cmf -z -Q16F1788 \
  -oC:\Users\rudyd\AppData\Local\Temp\xcAsjug.0\driver_tmp_3.o \
  --defsym=__MPLAB_BUILD=1 --fixupoverflow=error \
  -Mdist/default/debug/ThermalCamera_M.X.debug.map \
  --md=C:\Users\rudyd\AppData\Local\Temp\xcAsjug.0\driver_tmp_0.dat -E1 \
  -ver=XC8 Compiler -ACODE=00h-07FFhx8 -ASTRCODE=00h-03FFFh \
  -ASTRING=00h-0FFhx64 -ACONST=00h-0FFhx64 -AENTRY=00h-0FFhx64 \
  -ACOMMON=070h-07Fh -ABANK0=020h-06Fh -ABANK1=0A0h-0EFh \
  -ABANK2=0120h-016Fh -ABANK3=01A0h-01EFh -ABANK4=0220h-026Fh \
  -ABANK5=02A0h-02EFh -ABANK6=0320h-036Fh -ABANK7=03A0h-03EFh \
  -ABANK8=0420h-046Fh -ABANK9=04A0h-04EFh -ABANK10=0520h-056Fh \
  -ABANK11=05A0h-05EFh -ABANK12=0620h-066Fh -ABANK13=06A0h-06EFh \
  -ABANK14=0720h-076Fh -ABANK15=07A0h-07EFh -ABANK16=0820h-086Fh \
  -ABANK17=08A0h-08EFh -ABANK18=0920h-096Fh -ABANK19=09A0h-09EFh \
  -ABANK20=0A20h-0A6Fh -ABANK21=0AA0h-0AEFh -ABANK22=0B20h-0B6Fh \
  -ABANK23=0BA0h-0BEFh -ABANK24=0C20h-0C6Fh -ABANK25=0CA0h-0CBFh \
  -ABIGRAM=02000h-027EFh \
  -ARAM=020h-06Fh,0A0h-0EFh,0120h-016Fh,01A0h-01EFh,0220h-026Fh,02A0h-02EFh,0320h-036Fh,03A0h-03EFh,0420h-046Fh,04A0h-04EFh,0520h-056Fh,05A0h-05EFh,0620h-066Fh,06A0h-06EFh,0720h-076Fh,07A0h-07EFh,0820h-086Fh,08A0h-08EFh,0920h-096Fh,09A0h-09EFh,0A20h-0A6Fh,0AA0h-0AEFh,0B20h-0B6Fh,0BA0h-0BEFh,0C20h-0C6Fh,0CA0h-0CBFh \
  -AABS1=020h-07Fh,0A0h-0EFh,0120h-016Fh,01A0h-01EFh,0220h-026Fh,02A0h-02EFh,0320h-036Fh,03A0h-03EFh,0420h-046Fh,04A0h-04EFh,0520h-056Fh,05A0h-05EFh,0620h-066Fh,06A0h-06EFh,0720h-076Fh,07A0h-07EFh,0820h-086Fh,08A0h-08EFh,0920h-096Fh,09A0h-09EFh,0A20h-0A6Fh,0AA0h-0AEFh,0B20h-0B6Fh,0BA0h-0BEFh,0C20h-0C6Fh,0CA0h-0CBFh \
  -ASFR0=00h-01Fh -ASFR1=080h-09Fh -ASFR2=0100h-011Fh -ASFR3=0180h-019Fh \
  -ASFR4=0200h-021Fh -ASFR5=0280h-029Fh -ASFR6=0300h-031Fh \
  -ASFR7=0380h-039Fh -ASFR8=0400h-041Fh -ASFR9=0480h-049Fh \
  -ASFR10=0500h-051Fh -ASFR11=0580h-059Fh -ASFR12=0600h-061Fh \
  -ASFR13=0680h-069Fh -ASFR14=0700h-071Fh -ASFR15=0780h-079Fh \
  -ASFR16=0800h-081Fh -ASFR17=0880h-089Fh -ASFR18=0900h-091Fh \
  -ASFR19=0980h-099Fh -ASFR20=0A00h-0A1Fh -ASFR21=0A80h-0A9Fh \
  -ASFR22=0B00h-0B1Fh -ASFR23=0B80h-0B9Fh -ASFR24=0C00h-0C1Fh \
  -ASFR25=0C80h-0C9Fh -ASFR26=0D00h-0D6Fh -ASFR27=0D80h-0DEFh \
  -ASFR28=0E00h-0E6Fh -ASFR29=0E80h-0EEFh -ASFR30=0F00h-0F6Fh \
  -ASFR31=0F80h-0FEFh -ACONFIG=08007h-08008h -DCONFIG=2 \
  -AIDLOC=08000h-08003h -DIDLOC=2 -AEEDATA=00h-0FFh/0F000h \
  -peeprom_data=EEDATA -DEEDATA=2 -DCODE=2 -DSTRCODE=2 -DSTRING=2 -DCONST=2 \
  -DENTRY=2 -preset_vec=00h,intentry=04h,sivt,init,end_init -ppowerup=CODE \
  -pcinit=CODE -pfunctab=ENTRY -k \
  C:\Users\rudyd\AppData\Local\Temp\xcAsjug.0\driver_tmp_15.o \
  dist/default/debug\ThermalCamera_M.X.debug.o 

Object code version is 3.11

Machine type is 16F1788



                Name                               Link     Load   Length Selector   Space Scale
C:\Users\rudyd\AppData\Local\Temp\xcAsjug.0\driver_tmp_15.o
                end_init                             22       22        2        8       0
                reset_vec                             0        0        2        0       0
                config                             8007     8007        2        0       4
dist/default/debug\ThermalCamera_M.X.debug.o
                cinit                                24       24       12        8       0
                intentry                              4        4       1E        8       0
                config                             8007     8007        2        0       4
                text19                              35A      35A        9      6A2       0
                text18                              363      363        8      6A2       0
                text17                              375      375        3      6A2       0
                text16                              36B      36B        6      6A2       0
                text15                              371      371        4      6A2       0
                text14                              327      327        C      636       0
                text13                              31B      31B        C      636       0
                text12                              33E      33E        A      636       0
                text11                              333      333        B      636       0
                text10                              302      302        D      49A       0
                text9                               2B3      2B3       30      49A       0
                text8                                F8       F8       48      1F0       0
                text7                               140      140       47      1F0       0
                text6                               2E3      2E3       1F      49A       0
                text5                               351      351        9      6A2       0
                text4                               1CC      1CC       45      1F0       0
                text3                               280      280       33      49A       0
                text2                               187      187       45      1F0       0
                text1                               24D      24D       33      49A       0
                maintext                             36       36       6E        8       0
                cstackBANK0                          2C       2C        9       20       1
                cstackCOMMON                         70       70        C       70       1
                bssBANK0                             20       20        C       20       1
                bssCOMMON                            7C       7C        1       70       1
                stringtext4                         348      348        9      690       0
                stringtext3                         30F      30F        C      61E       0
                stringtext2                         211      211       3C      422       0
                stringtext1                          A4       A4       54      148       0

TOTAL           Name                               Link     Load   Length     Space
        CLASS   CODE           
                end_init                             22       22        2         0
                cinit                                24       24       12         0
                intentry                              4        4       1E         0
                reset_vec                             0        0        2         0
                text19                              35A      35A        9         0
                text18                              363      363        8         0
                text17                              375      375        3         0
                text16                              36B      36B        6         0
                text15                              371      371        4         0
                text14                              327      327        C         0
                text13                              31B      31B        C         0
                text12                              33E      33E        A         0
                text11                              333      333        B         0
                text10                              302      302        D         0
                text9                               2B3      2B3       30         0
                text8                                F8       F8       48         0
                text7                               140      140       47         0
                text6                               2E3      2E3       1F         0
                text5                               351      351        9         0
                text4                               1CC      1CC       45         0
                text3                               280      280       33         0
                text2                               187      187       45         0
                text1                               24D      24D       33         0
                maintext                             36       36       6E         0

        CLASS   STRCODE        
                stringtext4                         348      348        9         0
                stringtext3                         30F      30F        C         0
                stringtext2                         211      211       3C         0
                stringtext1                          A4       A4       54         0

        CLASS   STRING         

        CLASS   CONST          

        CLASS   ENTRY          

        CLASS   COMMON         
                cstackCOMMON                         70       70        C         1
                bssCOMMON                            7C       7C        1         1

        CLASS   BANK0          
                cstackBANK0                          2C       2C        9         1
                bssBANK0                             20       20        C         1

        CLASS   BANK1          

        CLASS   BANK2          

        CLASS   BANK3          

        CLASS   BANK4          

        CLASS   BANK5          

        CLASS   BANK6          

        CLASS   BANK7          

        CLASS   BANK8          

        CLASS   BANK9          

        CLASS   BANK10         

        CLASS   BANK11         

        CLASS   BANK12         

        CLASS   BANK13         

        CLASS   BANK14         

        CLASS   BANK15         

        CLASS   BANK16         

        CLASS   BANK17         

        CLASS   BANK18         

        CLASS   BANK19         

        CLASS   BANK20         

        CLASS   BANK21         

        CLASS   BANK22         

        CLASS   BANK23         

        CLASS   BANK24         

        CLASS   BANK25         

        CLASS   BIGRAM         

        CLASS   RAM            

        CLASS   ABS1           
                abs_s1                               7E       7E        2         1

        CLASS   SFR0           

        CLASS   SFR1           

        CLASS   SFR2           

        CLASS   SFR3           

        CLASS   SFR4           

        CLASS   SFR5           

        CLASS   SFR6           

        CLASS   SFR7           

        CLASS   SFR8           

        CLASS   SFR9           

        CLASS   SFR10          

        CLASS   SFR11          

        CLASS   SFR12          

        CLASS   SFR13          

        CLASS   SFR14          

        CLASS   SFR15          

        CLASS   SFR16          

        CLASS   SFR17          

        CLASS   SFR18          

        CLASS   SFR19          

        CLASS   SFR20          

        CLASS   SFR21          

        CLASS   SFR22          

        CLASS   SFR23          

        CLASS   SFR24          

        CLASS   SFR25          

        CLASS   SFR26          

        CLASS   SFR27          

        CLASS   SFR28          

        CLASS   SFR29          

        CLASS   SFR30          

        CLASS   SFR31          

        CLASS   CONFIG         
                config                             8007     8007        2         4

        CLASS   IDLOC          

        CLASS   EEDATA         

        CLASS   BANK31         

        CLASS   BANK30         

        CLASS   BANK29         

        CLASS   BANK28         

        CLASS   BANK27         

        CLASS   BANK26         

        CLASS   HEAP           

        CLASS   STACK          



SEGMENTS        Name                           Load    Length   Top    Selector   Space  Class     Delta

                reset_vec                      000000  000002  000002         0       0  CODE        2
                intentry                       000004  0000A0  0000A4         8       0  CODE        2
                bssBANK0                       000020  000015  000035        20       1  BANK0       1
                cstackCOMMON                   000070  00000D  00007D        70       1  COMMON      1
                stringtext1                    0000A4  000054  0000F8       148       0  STRCODE     2
                text8                          0000F8  000119  000211       1F0       0  CODE        2
                stringtext2                    000211  00003C  00024D       422       0  STRCODE     2
                text1                          00024D  0000C2  00030F       49A       0  CODE        2
                stringtext3                    00030F  00000C  00031B       61E       0  STRCODE     2
                text13                         00031B  00002D  000348       636       0  CODE        2
                stringtext4                    000348  000009  000351       690       0  STRCODE     2
                text5                          000351  000027  000378       6A2       0  CODE        2


UNUSED ADDRESS RANGES

        Name                Unused          Largest block    Delta
        BANK0            00035-0006F              3B           1
        BANK1            000A0-000EF              50           1
        BANK10           00520-0056F              50           1
        BANK11           005A0-005EF              50           1
        BANK12           00620-0066F              50           1
        BANK13           006A0-006EF              50           1
        BANK14           00720-0076F              50           1
        BANK15           007A0-007EF              50           1
        BANK16           00820-0086F              50           1
        BANK17           008A0-008EF              50           1
        BANK18           00920-0096F              50           1
        BANK19           009A0-009EF              50           1
        BANK2            00120-0016F              50           1
        BANK20           00A20-00A6F              50           1
        BANK21           00AA0-00AEF              50           1
        BANK22           00B20-00B6F              50           1
        BANK23           00BA0-00BEF              50           1
        BANK24           00C20-00C6F              50           1
        BANK25           00CA0-00CBF              20           1
        BANK3            001A0-001EF              50           1
        BANK4            00220-0026F              50           1
        BANK5            002A0-002EF              50           1
        BANK6            00320-0036F              50           1
        BANK7            003A0-003EF              50           1
        BANK8            00420-0046F              50           1
        BANK9            004A0-004EF              50           1
        BIGRAM           02000-027EF             7F0           1
        CODE             00002-00003               2           2
                         00378-03FFF             800
        COMMON           0007D-0007D               1           1
        CONST            00002-00003               2           2
                         00378-03FFF             100
        EEDATA           0F000-0F0FF             100           2
        ENTRY            00002-00003               2           2
                         00378-03FFF             100
        IDLOC            08000-08003               4           2
        RAM              00035-0006F              3B           1
                         000A0-000EF              50
                         00120-0016F              50
                         001A0-001EF              50
                         00220-0026F              50
                         002A0-002EF              50
                         00320-0036F              50
                         003A0-003EF              50
                         00420-0046F              50
                         004A0-004EF              50
                         00520-0056F              50
                         005A0-005EF              50
                         00620-0066F              50
                         006A0-006EF              50
                         00720-0076F              50
                         007A0-007EF              50
                         00820-0086F              50
                         008A0-008EF              50
                         00920-0096F              50
                         009A0-009EF              50
                         00A20-00A6F              50
                         00AA0-00AEF              50
                         00B20-00B6F              50
                         00BA0-00BEF              50
                         00C20-00C6F              50
                         00CA0-00CBF              20
        SFR0             00000-0001F              20           1
        SFR1             00080-0009F              20           1
        SFR10            00500-0051F              20           1
        SFR11            00580-0059F              20           1
        SFR12            00600-0061F              20           1
        SFR13            00680-0069F              20           1
        SFR14            00700-0071F              20           1
        SFR15            00780-0079F              20           1
        SFR16            00800-0081F              20           1
        SFR17            00880-0089F              20           1
        SFR18            00900-0091F              20           1
        SFR19            00980-0099F              20           1
        SFR2             00100-0011F              20           1
        SFR20            00A00-00A1F              20           1
        SFR21            00A80-00A9F              20           1
        SFR22            00B00-00B1F              20           1
        SFR23            00B80-00B9F              20           1
        SFR24            00C00-00C1F              20           1
        SFR25            00C80-00C9F              20           1
        SFR26            00D00-00D6F              70           1
        SFR27            00D80-00DEF              70           1
        SFR28            00E00-00E6F              70           1
        SFR29            00E80-00EEF              70           1
        SFR3             00180-0019F              20           1
        SFR30            00F00-00F6F              70           1
        SFR31            00F80-00FEF              70           1
        SFR4             00200-0021F              20           1
        SFR5             00280-0029F              20           1
        SFR6             00300-0031F              20           1
        SFR7             00380-0039F              20           1
        SFR8             00400-0041F              20           1
        SFR9             00480-0049F              20           1
        STRCODE          00002-00003               2           2
                         00378-03FFF            3C88
        STRING           00002-00003               2           2
                         00378-03FFF             100

                                  Symbol Table

?___wmul                         cstackCOMMON 00071
ISR@i                            cstackCOMMON 00070
TranslateJoysticks@byte          cstackCOMMON 00071
TranslateTABXY@byte              cstackCOMMON 00071
TranslateX@byte                  cstackCOMMON 00071
TranslateY@byte                  cstackCOMMON 00071
_ANSELA                          (abs)        0018C
_ANSELB                          (abs)        0018D
_APFCON1                         (abs)        0011D
_APFCON2                         (abs)        0011C
_BAUD1CON                        (abs)        0019F
_CLKRCON                         (abs)        0051A
_INLVLA                          (abs)        0038C
_INLVLB                          (abs)        0038D
_INLVLC                          (abs)        0038E
_INTCON                          (abs)        0000B
_INTCONbits                      (abs)        0000B
_ISR                             intentry     00004
_InitI2C                         text19       0035A
_InitISR                         text18       00363
_InitOpt                         text17       00375
_InitOsc                         text16       0036B
_InitPIN                         text15       00371
_InitPORTA                       text14       00327
_InitPORTB                       text13       0031B
_InitPORTC                       text12       0033E
_InitUART                        text11       00333
_JButtons                        bssBANK0     00028
_OPTION_REG                      (abs)        00095
_OSCCON                          (abs)        00099
_PIE1                            (abs)        00091
_PIE2                            (abs)        00092
_PIE3                            (abs)        00093
_PIR1bits                        (abs)        00011
_PORTBbits                       (abs)        0000D
_RC1STA                          (abs)        0019D
_SLRCONA                         (abs)        0030C
_SLRCONB                         (abs)        0030D
_SLRCONC                         (abs)        0030E
_SP1BRGH                         (abs)        0019C
_SP1BRGL                         (abs)        0019B
_SSP1ADD                         (abs)        00212
_SSP1BUF                         (abs)        00211
_SSP1CON1                        (abs)        00215
_SSP1CON2                        (abs)        00216
_SSP1STAT                        (abs)        00214
_SSP1STATbits                    (abs)        00214
_TRISA                           (abs)        0008C
_TRISB                           (abs)        0008D
_TRISC                           (abs)        0008E
_TX1REG                          (abs)        0019A
_TX1STA                          (abs)        0019E
_TX1STAbits                      (abs)        0019E
_TranslateJoysticks              text10       00302
_TranslateTABXY                  text9        002B3
_TranslateX                      text8        000F8
_TranslateY                      text7        00140
_TsABXY                          bssBANK0     00029
_TxA                             bssBANK0     00023
_TxB                             bssBANK0     00022
_TxBY                            bssBANK0     00021
_TxJ                             bssBANK0     00020
_TxTL                            bssBANK0     00025
_TxTR                            bssBANK0     00024
_TxX                             bssBANK0     00026
_TxY                             bssBANK0     00027
_WPUA                            (abs)        0020C
_WPUB                            (abs)        0020D
_WPUC                            (abs)        0020E
_X_Byte                          bssBANK0     0002B
_Y_Byte                          bssBANK0     0002A
__H__absolute__                  __absolute__ 00000
__Habs1                          abs1         00000
__Hbank0                         bank0        00000
__Hbank1                         bank1        00000
__Hbank10                        bank10       00000
__Hbank11                        bank11       00000
__Hbank12                        bank12       00000
__Hbank13                        bank13       00000
__Hbank14                        bank14       00000
__Hbank15                        bank15       00000
__Hbank16                        bank16       00000
__Hbank17                        bank17       00000
__Hbank18                        bank18       00000
__Hbank19                        bank19       00000
__Hbank2                         bank2        00000
__Hbank20                        bank20       00000
__Hbank21                        bank21       00000
__Hbank22                        bank22       00000
__Hbank23                        bank23       00000
__Hbank24                        bank24       00000
__Hbank25                        bank25       00000
__Hbank26                        bank26       00000
__Hbank27                        bank27       00000
__Hbank28                        bank28       00000
__Hbank29                        bank29       00000
__Hbank3                         bank3        00000
__Hbank30                        bank30       00000
__Hbank31                        bank31       00000
__Hbank4                         bank4        00000
__Hbank5                         bank5        00000
__Hbank6                         bank6        00000
__Hbank7                         bank7        00000
__Hbank8                         bank8        00000
__Hbank9                         bank9        00000
__Hbigram                        bigram       00000
__HbssBANK0                      bssBANK0     00000
__HbssCOMMON                     bssCOMMON    00000
__Hcinit                         cinit        00036
__Hclrtext                       clrtext      00000
__Hcode                          code         00000
__Hcommon                        common       00000
__Hconfig                        config       08009
__HcstackBANK0                   cstackBANK0  00000
__HcstackCOMMON                  cstackCOMMON 00000
__Heeprom_data                   eeprom_data  00000
__Hend_init                      end_init     00024
__Hfunctab                       functab      00000
__Hheap                          heap         00000
__Hinit                          init         00022
__Hintentry                      intentry     00022
__Hmaintext                      maintext     00000
__Hpowerup                       powerup      00000
__Hram                           ram          00000
__Hreset_vec                     reset_vec    00002
__Hsfr0                          sfr0         00000
__Hsfr1                          sfr1         00000
__Hsfr10                         sfr10        00000
__Hsfr11                         sfr11        00000
__Hsfr12                         sfr12        00000
__Hsfr13                         sfr13        00000
__Hsfr14                         sfr14        00000
__Hsfr15                         sfr15        00000
__Hsfr16                         sfr16        00000
__Hsfr17                         sfr17        00000
__Hsfr18                         sfr18        00000
__Hsfr19                         sfr19        00000
__Hsfr2                          sfr2         00000
__Hsfr20                         sfr20        00000
__Hsfr21                         sfr21        00000
__Hsfr22                         sfr22        00000
__Hsfr23                         sfr23        00000
__Hsfr24                         sfr24        00000
__Hsfr25                         sfr25        00000
__Hsfr26                         sfr26        00000
__Hsfr27                         sfr27        00000
__Hsfr28                         sfr28        00000
__Hsfr29                         sfr29        00000
__Hsfr3                          sfr3         00000
__Hsfr30                         sfr30        00000
__Hsfr31                         sfr31        00000
__Hsfr4                          sfr4         00000
__Hsfr5                          sfr5         00000
__Hsfr6                          sfr6         00000
__Hsfr7                          sfr7         00000
__Hsfr8                          sfr8         00000
__Hsfr9                          sfr9         00000
__Hsivt                          sivt         00022
__Hspace_0                       (abs)        00378
__Hspace_1                       (abs)        0007D
__Hspace_2                       (abs)        00000
__Hspace_3                       (abs)        00000
__Hspace_4                       (abs)        10010
__Hstack                         stack        00000
__Hstrings                       strings      00000
__Hstringtext1                   stringtext1  00000
__Hstringtext2                   stringtext2  00000
__Hstringtext3                   stringtext3  00000
__Hstringtext4                   stringtext4  00000
__Htext                          text         00000
__L__absolute__                  __absolute__ 00000
__Labs1                          abs1         00000
__Lbank0                         bank0        00000
__Lbank1                         bank1        00000
__Lbank10                        bank10       00000
__Lbank11                        bank11       00000
__Lbank12                        bank12       00000
__Lbank13                        bank13       00000
__Lbank14                        bank14       00000
__Lbank15                        bank15       00000
__Lbank16                        bank16       00000
__Lbank17                        bank17       00000
__Lbank18                        bank18       00000
__Lbank19                        bank19       00000
__Lbank2                         bank2        00000
__Lbank20                        bank20       00000
__Lbank21                        bank21       00000
__Lbank22                        bank22       00000
__Lbank23                        bank23       00000
__Lbank24                        bank24       00000
__Lbank25                        bank25       00000
__Lbank26                        bank26       00000
__Lbank27                        bank27       00000
__Lbank28                        bank28       00000
__Lbank29                        bank29       00000
__Lbank3                         bank3        00000
__Lbank30                        bank30       00000
__Lbank31                        bank31       00000
__Lbank4                         bank4        00000
__Lbank5                         bank5        00000
__Lbank6                         bank6        00000
__Lbank7                         bank7        00000
__Lbank8                         bank8        00000
__Lbank9                         bank9        00000
__Lbigram                        bigram       00000
__LbssBANK0                      bssBANK0     00000
__LbssCOMMON                     bssCOMMON    00000
__Lcinit                         cinit        00024
__Lclrtext                       clrtext      00000
__Lcode                          code         00000
__Lcommon                        common       00000
__Lconfig                        config       00000
__LcstackBANK0                   cstackBANK0  00000
__LcstackCOMMON                  cstackCOMMON 00000
__Leeprom_data                   eeprom_data  00000
__Lend_init                      end_init     00022
__Lfunctab                       functab      00000
__Lheap                          heap         00000
__Linit                          init         00022
__Lintentry                      intentry     00004
__Lmaintext                      maintext     00000
__Lpowerup                       powerup      00000
__Lram                           ram          00000
__Lreset_vec                     reset_vec    00000
__Lsfr0                          sfr0         00000
__Lsfr1                          sfr1         00000
__Lsfr10                         sfr10        00000
__Lsfr11                         sfr11        00000
__Lsfr12                         sfr12        00000
__Lsfr13                         sfr13        00000
__Lsfr14                         sfr14        00000
__Lsfr15                         sfr15        00000
__Lsfr16                         sfr16        00000
__Lsfr17                         sfr17        00000
__Lsfr18                         sfr18        00000
__Lsfr19                         sfr19        00000
__Lsfr2                          sfr2         00000
__Lsfr20                         sfr20        00000
__Lsfr21                         sfr21        00000
__Lsfr22                         sfr22        00000
__Lsfr23                         sfr23        00000
__Lsfr24                         sfr24        00000
__Lsfr25                         sfr25        00000
__Lsfr26                         sfr26        00000
__Lsfr27                         sfr27        00000
__Lsfr28                         sfr28        00000
__Lsfr29                         sfr29        00000
__Lsfr3                          sfr3         00000
__Lsfr30                         sfr30        00000
__Lsfr31                         sfr31        00000
__Lsfr4                          sfr4         00000
__Lsfr5                          sfr5         00000
__Lsfr6                          sfr6         00000
__Lsfr7                          sfr7         00000
__Lsfr8                          sfr8         00000
__Lsfr9                          sfr9         00000
__Lsivt                          sivt         00022
__Lspace_0                       (abs)        00000
__Lspace_1                       (abs)        00000
__Lspace_2                       (abs)        00000
__Lspace_3                       (abs)        00000
__Lspace_4                       (abs)        00000
__Lstack                         stack        00000
__Lstrings                       strings      00000
__Lstringtext1                   stringtext1  00000
__Lstringtext2                   stringtext2  00000
__Lstringtext3                   stringtext3  00000
__Lstringtext4                   stringtext4  00000
__Ltext                          text         00000
__S0                             (abs)        00378
__S1                             (abs)        0007D
__S3                             (abs)        00000
___heap_hi                       (abs)        00000
___heap_lo                       (abs)        00000
___int_sp                        stack        00000
___int_stack_hi                  stack        00000
___int_stack_lo                  stack        00000
___latbits                       (abs)        00003
___sp                            stack        00000
___stack_hi                      stack        00000
___stack_lo                      stack        00000
___stackhi                       (abs)        00000
___stacklo                       (abs)        00000
___wmul                          text6        002E3
___wmul@multiplicand             cstackCOMMON 00073
___wmul@multiplier               cstackCOMMON 00071
___wmul@product                  cstackCOMMON 00075
__end_of_ISR                     intentry     00022
__end_of_InitI2C                 text19       00363
__end_of_InitISR                 text18       0036B
__end_of_InitOpt                 text17       00378
__end_of_InitOsc                 text16       00371
__end_of_InitPIN                 text15       00375
__end_of_InitPORTA               text14       00333
__end_of_InitPORTB               text13       00327
__end_of_InitPORTC               text12       00348
__end_of_InitUART                text11       0033E
__end_of_TranslateJoysticks      text10       0030F
__end_of_TranslateTABXY          text9        002E3
__end_of_TranslateX              text8        00140
__end_of_TranslateY              text7        00187
__end_of___wmul                  text6        00302
__end_of__initialization         cinit        00032
__end_of_cmd_button_table        stringtext2  0024D
__end_of_cmd_table               stringtext1  000F8
__end_of_header_dir              stringtext3  0031B
__end_of_header_static           stringtext4  00351
__end_of_lookup_and_send_buttons text3        002B3
__end_of_lookup_and_send_move    text1        00280
__end_of_main                    maintext     000A4
__end_of_send_camera_button      text4        00211
__end_of_send_camera_command     text2        001CC
__end_of_tx_uart                 text5        0035A
__initialization                 cinit        00024
__pbssBANK0                      bssBANK0     00020
__pbssCOMMON                     bssCOMMON    0007C
__pcstackBANK0                   cstackBANK0  0002C
__pcstackCOMMON                  cstackCOMMON 00070
__pintentry                      intentry     00004
__pmaintext                      maintext     00036
__pstringtext1                   stringtext1  000A4
__pstringtext2                   stringtext2  00211
__pstringtext3                   stringtext3  0030F
__pstringtext4                   stringtext4  00348
__ptext1                         text1        0024D
__ptext10                        text10       00302
__ptext11                        text11       00333
__ptext12                        text12       0033E
__ptext13                        text13       0031B
__ptext14                        text14       00327
__ptext15                        text15       00371
__ptext16                        text16       0036B
__ptext17                        text17       00375
__ptext18                        text18       00363
__ptext19                        text19       0035A
__ptext2                         text2        00187
__ptext3                         text3        00280
__ptext4                         text4        001CC
__ptext5                         text5        00351
__ptext6                         text6        002E3
__ptext7                         text7        00140
__ptext8                         text8        000F8
__ptext9                         text9        002B3
_cmd_button_table                stringtext2  00211
_cmd_table                       stringtext1  000A4
_header_dir                      stringtext3  0030F
_header_static                   stringtext4  00348
_lookup_and_send_buttons         text3        00280
_lookup_and_send_move            text1        0024D
_main                            maintext     00036
_rx_done                         bssCOMMON    0007C
_send_camera_button              text4        001CC
_send_camera_command             text2        00187
_tx_uart                         text5        00351
btemp                            (abs)        0007E
btemp0                           (abs)        0007E
btemp1                           (abs)        0007F
end_of_initialization            cinit        00032
int$flags                        (abs)        0007E
intlevel0                        functab      00000
intlevel1                        functab      00000
intlevel2                        functab      00000
intlevel3                        functab      00000
intlevel4                        functab      00000
intlevel5                        functab      00000
lookup_and_send_buttons@cmd      cstackBANK0  00032
lookup_and_send_buttons@i        cstackBANK0  00033
lookup_and_send_move@cmd         cstackBANK0  00032
lookup_and_send_move@i           cstackBANK0  00033
ltemp0a                          (abs)        00080
reset_vec                        reset_vec    00000
send_camera_button@byte          cstackCOMMON 00078
send_camera_button@i             cstackCOMMON 00079
send_camera_command@byte         cstackCOMMON 00078
send_camera_command@i            cstackCOMMON 00079
start                            init         00022
start_initialization             cinit        00024
ttemp0a                          (abs)        0007F
tx_uart@byte                     cstackCOMMON 00077
wtemp0                           (abs)        0007E
wtemp0a                          (abs)        0007F


MODULE INFORMATION

Module		Function		Class		Link	Load	Size
Inits.c
		_InitPORTA     		CODE           	0327	0000	12
		_InitPORTB     		CODE           	031B	0000	12
		_InitPORTC     		CODE           	033E	0000	10
		_InitUART      		CODE           	0333	0000	11
		_InitISR       		CODE           	0363	0000	8
		_InitPIN       		CODE           	0371	0000	4
		_InitI2C       		CODE           	035A	0000	9
		_InitOpt       		CODE           	0375	0000	3
		_InitOsc       		CODE           	036B	0000	6

Inits.c estimated size: 75

Main.c
		_ISR           		CODE           	0004	0000	30
		_lookup_and_send_buttons		CODE           	0280	0000	51
		_main          		CODE           	0036	0000	110
		_TranslateJoysticks		CODE           	0302	0000	13
		_send_camera_button		CODE           	01CC	0000	69
		_TranslateX    		CODE           	00F8	0000	72
		_TranslateY    		CODE           	0140	0000	71
		_tx_uart       		CODE           	0351	0000	9
		_send_camera_command		CODE           	0187	0000	69
		_TranslateTABXY		CODE           	02B3	0000	48
		_lookup_and_send_move		CODE           	024D	0000	51

Main.c estimated size: 593

shared
		_header_dir    		STRCODE        	030F	0000	12
		_header_static 		STRCODE        	0348	0000	9
		__initialization		CODE           	0024	0000	14
		_cmd_table     		STRCODE        	00A4	0000	84
		_cmd_button_table		STRCODE        	0211	0000	60

shared estimated size: 179

C:\Program Files\Microchip\xc8\v3.10\pic\sources\c99\common\Umul16.c
		___wmul        		CODE           	02E3	0000	31

C:\Program Files\Microchip\xc8\v3.10\pic\sources\c99\common\Umul16.c estimated size: 31

